  Determining projects to restore...
  Skipping project "C:\Users\ArtjomsPimanovs\source\repos\Auctera\backend\modules\modules\bids\Auctera.Bids.Domain\Auctera.Bids.Domain.csproj" because it was not found.
  Skipping project "C:\Users\ArtjomsPimanovs\source\repos\Auctera\backend\database\Auctera.Persistance\Auctera.Persistance.csproj" because it was not found.
  Skipping project "C:\Users\ArtjomsPimanovs\source\repos\Auctera\backend\modules\bids\bids\Auctera.Bids.Application\Auctera.Bids.Application.csproj" because it was not found.
  Skipping project "C:\Users\ArtjomsPimanovs\source\repos\Auctera\backend\modules\bids\Auctera.Persistance\Auctera.Persistance.csproj" because it was not found.
  Skipping project "C:\Users\ArtjomsPimanovs\source\repos\Auctera\backend\modules\bids\modules\items\Auctera.Items.Application\Auctera.Items.Application.csproj" because it was not found.
  Skipping project "C:\Users\ArtjomsPimanovs\source\repos\Auctera\backend\modules\bids\modules\items\Auctera.Items.Domain\Auctera.Items.Domain.csproj" because it was not found.
  Skipping project "C:\Users\ArtjomsPimanovs\source\repos\Auctera\backend\modules\shared\Auctera.Shared.Domain\Auctera.Shared.Domain.csproj" because it was not found.
  Skipping project "C:\Users\ArtjomsPimanovs\source\repos\Auctera\shared\Auctera.Shared.Domain\Auctera.Shared.Domain.csproj" because it was not found.
  Skipping project "C:\Users\ArtjomsPimanovs\source\repos\Auctera\backend\modules\bids\modules\bids\Auctera.Bids.Application\Auctera.Bids.Application.csproj" because it was not found.
  Skipping project "C:\Users\ArtjomsPimanovs\source\repos\Auctera\backend\modules\bids\modules\items\Auctera.Items.Application\Auctera.Items.Application.csproj" because it was not found.
  Skipping project "C:\Users\ArtjomsPimanovs\source\repos\Auctera\backend\modules\bids\modules\items\Auctera.Items.Domain\Auctera.Items.Domain.csproj" because it was not found.
  Skipping project "C:\Users\ArtjomsPimanovs\source\repos\Auctera\backend\modules\shared\Auctera.Shared.Domain\Auctera.Shared.Domain.csproj" because it was not found.
  Skipping project "C:\Users\ArtjomsPimanovs\source\repos\Auctera\backend\database\Auctera.Persistance\Auctera.Persistance.csproj" because it was not found.
  Skipping project "C:\Users\ArtjomsPimanovs\source\repos\Auctera\backend\modules\bids\modules\bids\Auctera.Bids.Application\Auctera.Bids.Application.csproj" because it was not found.
  Skipping project "C:\Users\ArtjomsPimanovs\source\repos\Auctera\backend\modules\modules\bids\Auctera.Bids.Domain\Auctera.Bids.Domain.csproj" because it was not found.
  Skipping project "C:\Users\ArtjomsPimanovs\source\repos\Auctera\shared\Auctera.Shared.Domain\Auctera.Shared.Domain.csproj" because it was not found.
  Skipping project "C:\Users\ArtjomsPimanovs\source\repos\Auctera\backend\modules\bids\bids\Auctera.Bids.Application\Auctera.Bids.Application.csproj" because it was not found.
  Skipping project "C:\Users\ArtjomsPimanovs\source\repos\Auctera\backend\modules\bids\Auctera.Persistance\Auctera.Persistance.csproj" because it was not found.
C:\Users\ArtjomsPimanovs\source\repos\Auctera\backend\realtime\Auctera.Realtime\Auctera.Realtime.csproj : warning NU1701: Package 'Microsoft.AspNet.SignalR.Core 2.4.3' was restored using '.NETFramework,Version=v4.6.1, .NETFramework,Version=v4.6.2, .NETFramework,Version=v4.7, .NETFramework,Version=v4.7.1, .NETFramework,Version=v4.7.2, .NETFramework,Version=v4.8, .NETFramework,Version=v4.8.1' instead of the project target framework 'net8.0'. This package may not be fully compatible with your project. [C:\Users\ArtjomsPimanovs\source\repos\Auctera\backend\Auctera.sln]
C:\Users\ArtjomsPimanovs\source\repos\Auctera\backend\host\Auctera.Host\Auctera.Host.csproj : warning NU1701: Package 'Microsoft.AspNet.SignalR.Core 2.4.3' was restored using '.NETFramework,Version=v4.6.1, .NETFramework,Version=v4.6.2, .NETFramework,Version=v4.7, .NETFramework,Version=v4.7.1, .NETFramework,Version=v4.7.2, .NETFramework,Version=v4.8, .NETFramework,Version=v4.8.1' instead of the project target framework 'net8.0'. This package may not be fully compatible with your project. [C:\Users\ArtjomsPimanovs\source\repos\Auctera\backend\Auctera.sln]
C:\Users\ArtjomsPimanovs\source\repos\Auctera\backend\realtime\Auctera.Realtime\Auctera.Realtime.csproj : warning NU1701: Package 'Microsoft.AspNet.SignalR.SystemWeb 2.4.3' was restored using '.NETFramework,Version=v4.6.1, .NETFramework,Version=v4.6.2, .NETFramework,Version=v4.7, .NETFramework,Version=v4.7.1, .NETFramework,Version=v4.7.2, .NETFramework,Version=v4.8, .NETFramework,Version=v4.8.1' instead of the project target framework 'net8.0'. This package may not be fully compatible with your project. [C:\Users\ArtjomsPimanovs\source\repos\Auctera\backend\Auctera.sln]
C:\Users\ArtjomsPimanovs\source\repos\Auctera\backend\host\Auctera.Host\Auctera.Host.csproj : warning NU1701: Package 'Microsoft.AspNet.SignalR.SystemWeb 2.4.3' was restored using '.NETFramework,Version=v4.6.1, .NETFramework,Version=v4.6.2, .NETFramework,Version=v4.7, .NETFramework,Version=v4.7.1, .NETFramework,Version=v4.7.2, .NETFramework,Version=v4.8, .NETFramework,Version=v4.8.1' instead of the project target framework 'net8.0'. This package may not be fully compatible with your project. [C:\Users\ArtjomsPimanovs\source\repos\Auctera\backend\Auctera.sln]
C:\Users\ArtjomsPimanovs\source\repos\Auctera\backend\realtime\Auctera.Realtime\Auctera.Realtime.csproj : warning NU1701: Package 'Microsoft.Owin 2.1.0' was restored using '.NETFramework,Version=v4.6.1, .NETFramework,Version=v4.6.2, .NETFramework,Version=v4.7, .NETFramework,Version=v4.7.1, .NETFramework,Version=v4.7.2, .NETFramework,Version=v4.8, .NETFramework,Version=v4.8.1' instead of the project target framework 'net8.0'. This package may not be fully compatible with your project. [C:\Users\ArtjomsPimanovs\source\repos\Auctera\backend\Auctera.sln]
C:\Users\ArtjomsPimanovs\source\repos\Auctera\backend\host\Auctera.Host\Auctera.Host.csproj : warning NU1701: Package 'Microsoft.Owin 2.1.0' was restored using '.NETFramework,Version=v4.6.1, .NETFramework,Version=v4.6.2, .NETFramework,Version=v4.7, .NETFramework,Version=v4.7.1, .NETFramework,Version=v4.7.2, .NETFramework,Version=v4.8, .NETFramework,Version=v4.8.1' instead of the project target framework 'net8.0'. This package may not be fully compatible with your project. [C:\Users\ArtjomsPimanovs\source\repos\Auctera\backend\Auctera.sln]
C:\Users\ArtjomsPimanovs\source\repos\Auctera\backend\host\Auctera.Host\Auctera.Host.csproj : warning NU1701: Package 'Microsoft.Owin.Host.SystemWeb 2.1.0' was restored using '.NETFramework,Version=v4.6.1, .NETFramework,Version=v4.6.2, .NETFramework,Version=v4.7, .NETFramework,Version=v4.7.1, .NETFramework,Version=v4.7.2, .NETFramework,Version=v4.8, .NETFramework,Version=v4.8.1' instead of the project target framework 'net8.0'. This package may not be fully compatible with your project. [C:\Users\ArtjomsPimanovs\source\repos\Auctera\backend\Auctera.sln]
C:\Users\ArtjomsPimanovs\source\repos\Auctera\backend\realtime\Auctera.Realtime\Auctera.Realtime.csproj : warning NU1701: Package 'Microsoft.Owin.Host.SystemWeb 2.1.0' was restored using '.NETFramework,Version=v4.6.1, .NETFramework,Version=v4.6.2, .NETFramework,Version=v4.7, .NETFramework,Version=v4.7.1, .NETFramework,Version=v4.7.2, .NETFramework,Version=v4.8, .NETFramework,Version=v4.8.1' instead of the project target framework 'net8.0'. This package may not be fully compatible with your project. [C:\Users\ArtjomsPimanovs\source\repos\Auctera\backend\Auctera.sln]
C:\Users\ArtjomsPimanovs\source\repos\Auctera\backend\host\Auctera.Host\Auctera.Host.csproj : warning NU1701: Package 'Microsoft.Owin.Security 2.1.0' was restored using '.NETFramework,Version=v4.6.1, .NETFramework,Version=v4.6.2, .NETFramework,Version=v4.7, .NETFramework,Version=v4.7.1, .NETFramework,Version=v4.7.2, .NETFramework,Version=v4.8, .NETFramework,Version=v4.8.1' instead of the project target framework 'net8.0'. This package may not be fully compatible with your project. [C:\Users\ArtjomsPimanovs\source\repos\Auctera\backend\Auctera.sln]
C:\Users\ArtjomsPimanovs\source\repos\Auctera\backend\realtime\Auctera.Realtime\Auctera.Realtime.csproj : warning NU1701: Package 'Microsoft.Owin.Security 2.1.0' was restored using '.NETFramework,Version=v4.6.1, .NETFramework,Version=v4.6.2, .NETFramework,Version=v4.7, .NETFramework,Version=v4.7.1, .NETFramework,Version=v4.7.2, .NETFramework,Version=v4.8, .NETFramework,Version=v4.8.1' instead of the project target framework 'net8.0'. This package may not be fully compatible with your project. [C:\Users\ArtjomsPimanovs\source\repos\Auctera\backend\Auctera.sln]
C:\Users\ArtjomsPimanovs\source\repos\Auctera\backend\host\Auctera.Host\Auctera.Host.csproj : warning NU1701: Package 'Owin 1.0.0' was restored using '.NETFramework,Version=v4.6.1, .NETFramework,Version=v4.6.2, .NETFramework,Version=v4.7, .NETFramework,Version=v4.7.1, .NETFramework,Version=v4.7.2, .NETFramework,Version=v4.8, .NETFramework,Version=v4.8.1' instead of the project target framework 'net8.0'. This package may not be fully compatible with your project. [C:\Users\ArtjomsPimanovs\source\repos\Auctera\backend\Auctera.sln]
C:\Users\ArtjomsPimanovs\source\repos\Auctera\backend\realtime\Auctera.Realtime\Auctera.Realtime.csproj : warning NU1701: Package 'Owin 1.0.0' was restored using '.NETFramework,Version=v4.6.1, .NETFramework,Version=v4.6.2, .NETFramework,Version=v4.7, .NETFramework,Version=v4.7.1, .NETFramework,Version=v4.7.2, .NETFramework,Version=v4.8, .NETFramework,Version=v4.8.1' instead of the project target framework 'net8.0'. This package may not be fully compatible with your project. [C:\Users\ArtjomsPimanovs\source\repos\Auctera\backend\Auctera.sln]
  All projects are up-to-date for restore.
C:\Program Files\dotnet\sdk\9.0.302\Microsoft.Common.CurrentVersion.targets(2190,5): warning MSB9008: The referenced project ..\bids\Auctera.Bids.Application\Auctera.Bids.Application.csproj does not exist. [C:\Users\ArtjomsPimanovs\source\repos\Auctera\backend\modules\bids\Auctera.Bids.Infrastructure\Auctera.Bids.Infrastructure.csproj]
C:\Users\ArtjomsPimanovs\source\repos\Auctera\backend\realtime\Auctera.Realtime\Auctera.Realtime.csproj : warning NU1701: Package 'Microsoft.AspNet.SignalR.Core 2.4.3' was restored using '.NETFramework,Version=v4.6.1, .NETFramework,Version=v4.6.2, .NETFramework,Version=v4.7, .NETFramework,Version=v4.7.1, .NETFramework,Version=v4.7.2, .NETFramework,Version=v4.8, .NETFramework,Version=v4.8.1' instead of the project target framework 'net8.0'. This package may not be fully compatible with your project.
C:\Users\ArtjomsPimanovs\source\repos\Auctera\backend\realtime\Auctera.Realtime\Auctera.Realtime.csproj : warning NU1701: Package 'Microsoft.AspNet.SignalR.SystemWeb 2.4.3' was restored using '.NETFramework,Version=v4.6.1, .NETFramework,Version=v4.6.2, .NETFramework,Version=v4.7, .NETFramework,Version=v4.7.1, .NETFramework,Version=v4.7.2, .NETFramework,Version=v4.8, .NETFramework,Version=v4.8.1' instead of the project target framework 'net8.0'. This package may not be fully compatible with your project.
C:\Users\ArtjomsPimanovs\source\repos\Auctera\backend\realtime\Auctera.Realtime\Auctera.Realtime.csproj : warning NU1701: Package 'Microsoft.Owin 2.1.0' was restored using '.NETFramework,Version=v4.6.1, .NETFramework,Version=v4.6.2, .NETFramework,Version=v4.7, .NETFramework,Version=v4.7.1, .NETFramework,Version=v4.7.2, .NETFramework,Version=v4.8, .NETFramework,Version=v4.8.1' instead of the project target framework 'net8.0'. This package may not be fully compatible with your project.
C:\Users\ArtjomsPimanovs\source\repos\Auctera\backend\realtime\Auctera.Realtime\Auctera.Realtime.csproj : warning NU1701: Package 'Microsoft.Owin.Host.SystemWeb 2.1.0' was restored using '.NETFramework,Version=v4.6.1, .NETFramework,Version=v4.6.2, .NETFramework,Version=v4.7, .NETFramework,Version=v4.7.1, .NETFramework,Version=v4.7.2, .NETFramework,Version=v4.8, .NETFramework,Version=v4.8.1' instead of the project target framework 'net8.0'. This package may not be fully compatible with your project.
C:\Users\ArtjomsPimanovs\source\repos\Auctera\backend\realtime\Auctera.Realtime\Auctera.Realtime.csproj : warning NU1701: Package 'Microsoft.Owin.Security 2.1.0' was restored using '.NETFramework,Version=v4.6.1, .NETFramework,Version=v4.6.2, .NETFramework,Version=v4.7, .NETFramework,Version=v4.7.1, .NETFramework,Version=v4.7.2, .NETFramework,Version=v4.8, .NETFramework,Version=v4.8.1' instead of the project target framework 'net8.0'. This package may not be fully compatible with your project.
C:\Users\ArtjomsPimanovs\source\repos\Auctera\backend\realtime\Auctera.Realtime\Auctera.Realtime.csproj : warning NU1701: Package 'Owin 1.0.0' was restored using '.NETFramework,Version=v4.6.1, .NETFramework,Version=v4.6.2, .NETFramework,Version=v4.7, .NETFramework,Version=v4.7.1, .NETFramework,Version=v4.7.2, .NETFramework,Version=v4.8, .NETFramework,Version=v4.8.1' instead of the project target framework 'net8.0'. This package may not be fully compatible with your project.
  Auctera.Shared.Domain -> C:\Users\ArtjomsPimanovs\source\repos\Auctera\backend\shared\Auctera.Shared.Domain\bin\Debug\net8.0\Auctera.Shared.Domain.dll
C:\Users\ArtjomsPimanovs\source\repos\Auctera\backend\host\Auctera.Host\Auctera.Host.csproj : warning NU1701: Package 'Microsoft.AspNet.SignalR.Core 2.4.3' was restored using '.NETFramework,Version=v4.6.1, .NETFramework,Version=v4.6.2, .NETFramework,Version=v4.7, .NETFramework,Version=v4.7.1, .NETFramework,Version=v4.7.2, .NETFramework,Version=v4.8, .NETFramework,Version=v4.8.1' instead of the project target framework 'net8.0'. This package may not be fully compatible with your project.
C:\Users\ArtjomsPimanovs\source\repos\Auctera\backend\host\Auctera.Host\Auctera.Host.csproj : warning NU1701: Package 'Microsoft.AspNet.SignalR.SystemWeb 2.4.3' was restored using '.NETFramework,Version=v4.6.1, .NETFramework,Version=v4.6.2, .NETFramework,Version=v4.7, .NETFramework,Version=v4.7.1, .NETFramework,Version=v4.7.2, .NETFramework,Version=v4.8, .NETFramework,Version=v4.8.1' instead of the project target framework 'net8.0'. This package may not be fully compatible with your project.
C:\Users\ArtjomsPimanovs\source\repos\Auctera\backend\host\Auctera.Host\Auctera.Host.csproj : warning NU1701: Package 'Microsoft.Owin 2.1.0' was restored using '.NETFramework,Version=v4.6.1, .NETFramework,Version=v4.6.2, .NETFramework,Version=v4.7, .NETFramework,Version=v4.7.1, .NETFramework,Version=v4.7.2, .NETFramework,Version=v4.8, .NETFramework,Version=v4.8.1' instead of the project target framework 'net8.0'. This package may not be fully compatible with your project.
C:\Users\ArtjomsPimanovs\source\repos\Auctera\backend\host\Auctera.Host\Auctera.Host.csproj : warning NU1701: Package 'Microsoft.Owin.Host.SystemWeb 2.1.0' was restored using '.NETFramework,Version=v4.6.1, .NETFramework,Version=v4.6.2, .NETFramework,Version=v4.7, .NETFramework,Version=v4.7.1, .NETFramework,Version=v4.7.2, .NETFramework,Version=v4.8, .NETFramework,Version=v4.8.1' instead of the project target framework 'net8.0'. This package may not be fully compatible with your project.
C:\Users\ArtjomsPimanovs\source\repos\Auctera\backend\host\Auctera.Host\Auctera.Host.csproj : warning NU1701: Package 'Microsoft.Owin.Security 2.1.0' was restored using '.NETFramework,Version=v4.6.1, .NETFramework,Version=v4.6.2, .NETFramework,Version=v4.7, .NETFramework,Version=v4.7.1, .NETFramework,Version=v4.7.2, .NETFramework,Version=v4.8, .NETFramework,Version=v4.8.1' instead of the project target framework 'net8.0'. This package may not be fully compatible with your project.
C:\Users\ArtjomsPimanovs\source\repos\Auctera\backend\host\Auctera.Host\Auctera.Host.csproj : warning NU1701: Package 'Owin 1.0.0' was restored using '.NETFramework,Version=v4.6.1, .NETFramework,Version=v4.6.2, .NETFramework,Version=v4.7, .NETFramework,Version=v4.7.1, .NETFramework,Version=v4.7.2, .NETFramework,Version=v4.8, .NETFramework,Version=v4.8.1' instead of the project target framework 'net8.0'. This package may not be fully compatible with your project.
  Auctera.Items.Domain -> C:\Users\ArtjomsPimanovs\source\repos\Auctera\backend\modules\items\Auctera.Items.Domain\bin\Debug\net8.0\Auctera.Items.Domain.dll
C:\Program Files\dotnet\sdk\9.0.302\Microsoft.Common.CurrentVersion.targets(2190,5): warning MSB9008: The referenced project ..\modules\items\Auctera.Items.Application\Auctera.Items.Application.csproj does not exist. [C:\Users\ArtjomsPimanovs\source\repos\Auctera\backend\modules\bids\Auctera.Bids.Domain\Auctera.Bids.Domain.csproj]
C:\Users\ArtjomsPimanovs\source\repos\Auctera\backend\modules\bids\Auctera.Bids.Infrastructure\Repository\BidRepository.cs(1,20): error CS0234: The type or namespace name 'Application' does not exist in the namespace 'Auctera.Bids' (are you missing an assembly reference?) [C:\Users\ArtjomsPimanovs\source\repos\Auctera\backend\modules\bids\Auctera.Bids.Infrastructure\Auctera.Bids.Infrastructure.csproj]
C:\Users\ArtjomsPimanovs\source\repos\Auctera\backend\modules\bids\Auctera.Bids.Infrastructure\Repository\BidRepository.cs(2,15): error CS0234: The type or namespace name 'Persistance' does not exist in the namespace 'Auctera' (are you missing an assembly reference?) [C:\Users\ArtjomsPimanovs\source\repos\Auctera\backend\modules\bids\Auctera.Bids.Infrastructure\Auctera.Bids.Infrastructure.csproj]
C:\Users\ArtjomsPimanovs\source\repos\Auctera\backend\modules\bids\Auctera.Bids.Infrastructure\Repository\BidRepository.cs(3,20): error CS0234: The type or namespace name 'Domain' does not exist in the namespace 'Auctera.Bids' (are you missing an assembly reference?) [C:\Users\ArtjomsPimanovs\source\repos\Auctera\backend\modules\bids\Auctera.Bids.Infrastructure\Auctera.Bids.Infrastructure.csproj]
C:\Users\ArtjomsPimanovs\source\repos\Auctera\backend\modules\bids\Auctera.Bids.Infrastructure\Repository\BidRepository.cs(7,37): error CS0246: The type or namespace name 'IBidRepository' could not be found (are you missing a using directive or an assembly reference?) [C:\Users\ArtjomsPimanovs\source\repos\Auctera\backend\modules\bids\Auctera.Bids.Infrastructure\Auctera.Bids.Infrastructure.csproj]
C:\Users\ArtjomsPimanovs\source\repos\Auctera\backend\modules\bids\Auctera.Bids.Infrastructure\Repository\BidRepository.cs(9,22): error CS0246: The type or namespace name 'AucteraDbContext' could not be found (are you missing a using directive or an assembly reference?) [C:\Users\ArtjomsPimanovs\source\repos\Auctera\backend\modules\bids\Auctera.Bids.Infrastructure\Auctera.Bids.Infrastructure.csproj]
C:\Users\ArtjomsPimanovs\source\repos\Auctera\backend\modules\bids\Auctera.Bids.Infrastructure\Repository\BidRepository.cs(11,26): error CS0246: The type or namespace name 'AucteraDbContext' could not be found (are you missing a using directive or an assembly reference?) [C:\Users\ArtjomsPimanovs\source\repos\Auctera\backend\modules\bids\Auctera.Bids.Infrastructure\Auctera.Bids.Infrastructure.csproj]
C:\Users\ArtjomsPimanovs\source\repos\Auctera\backend\modules\bids\Auctera.Bids.Infrastructure\Repository\BidRepository.cs(16,35): error CS0246: The type or namespace name 'Domain' could not be found (are you missing a using directive or an assembly reference?) [C:\Users\ArtjomsPimanovs\source\repos\Auctera\backend\modules\bids\Auctera.Bids.Infrastructure\Auctera.Bids.Infrastructure.csproj]
C:\Users\ArtjomsPimanovs\source\repos\Auctera\backend\modules\bids\Auctera.Bids.Infrastructure\Repository\BidRepository.cs(22,23): error CS0246: The type or namespace name 'Domain' could not be found (are you missing a using directive or an assembly reference?) [C:\Users\ArtjomsPimanovs\source\repos\Auctera\backend\modules\bids\Auctera.Bids.Infrastructure\Auctera.Bids.Infrastructure.csproj]
C:\Users\ArtjomsPimanovs\source\repos\Auctera\backend\modules\bids\Auctera.Bids.Infrastructure\Repository\BidRepository.cs(27,36): error CS0246: The type or namespace name 'Domain' could not be found (are you missing a using directive or an assembly reference?) [C:\Users\ArtjomsPimanovs\source\repos\Auctera\backend\modules\bids\Auctera.Bids.Infrastructure\Auctera.Bids.Infrastructure.csproj]
  Auctera.Shared.Infrastructure -> C:\Users\ArtjomsPimanovs\source\repos\Auctera\backend\shared\Auctera.Shared.Infrastructure\bin\Debug\net8.0\Auctera.Shared.Infrastructure.dll

Build FAILED.

C:\Users\ArtjomsPimanovs\source\repos\Auctera\backend\realtime\Auctera.Realtime\Auctera.Realtime.csproj : warning NU1701: Package 'Microsoft.AspNet.SignalR.Core 2.4.3' was restored using '.NETFramework,Version=v4.6.1, .NETFramework,Version=v4.6.2, .NETFramework,Version=v4.7, .NETFramework,Version=v4.7.1, .NETFramework,Version=v4.7.2, .NETFramework,Version=v4.8, .NETFramework,Version=v4.8.1' instead of the project target framework 'net8.0'. This package may not be fully compatible with your project. [C:\Users\ArtjomsPimanovs\source\repos\Auctera\backend\Auctera.sln]
C:\Users\ArtjomsPimanovs\source\repos\Auctera\backend\host\Auctera.Host\Auctera.Host.csproj : warning NU1701: Package 'Microsoft.AspNet.SignalR.Core 2.4.3' was restored using '.NETFramework,Version=v4.6.1, .NETFramework,Version=v4.6.2, .NETFramework,Version=v4.7, .NETFramework,Version=v4.7.1, .NETFramework,Version=v4.7.2, .NETFramework,Version=v4.8, .NETFramework,Version=v4.8.1' instead of the project target framework 'net8.0'. This package may not be fully compatible with your project. [C:\Users\ArtjomsPimanovs\source\repos\Auctera\backend\Auctera.sln]
C:\Users\ArtjomsPimanovs\source\repos\Auctera\backend\realtime\Auctera.Realtime\Auctera.Realtime.csproj : warning NU1701: Package 'Microsoft.AspNet.SignalR.SystemWeb 2.4.3' was restored using '.NETFramework,Version=v4.6.1, .NETFramework,Version=v4.6.2, .NETFramework,Version=v4.7, .NETFramework,Version=v4.7.1, .NETFramework,Version=v4.7.2, .NETFramework,Version=v4.8, .NETFramework,Version=v4.8.1' instead of the project target framework 'net8.0'. This package may not be fully compatible with your project. [C:\Users\ArtjomsPimanovs\source\repos\Auctera\backend\Auctera.sln]
C:\Users\ArtjomsPimanovs\source\repos\Auctera\backend\host\Auctera.Host\Auctera.Host.csproj : warning NU1701: Package 'Microsoft.AspNet.SignalR.SystemWeb 2.4.3' was restored using '.NETFramework,Version=v4.6.1, .NETFramework,Version=v4.6.2, .NETFramework,Version=v4.7, .NETFramework,Version=v4.7.1, .NETFramework,Version=v4.7.2, .NETFramework,Version=v4.8, .NETFramework,Version=v4.8.1' instead of the project target framework 'net8.0'. This package may not be fully compatible with your project. [C:\Users\ArtjomsPimanovs\source\repos\Auctera\backend\Auctera.sln]
C:\Users\ArtjomsPimanovs\source\repos\Auctera\backend\realtime\Auctera.Realtime\Auctera.Realtime.csproj : warning NU1701: Package 'Microsoft.Owin 2.1.0' was restored using '.NETFramework,Version=v4.6.1, .NETFramework,Version=v4.6.2, .NETFramework,Version=v4.7, .NETFramework,Version=v4.7.1, .NETFramework,Version=v4.7.2, .NETFramework,Version=v4.8, .NETFramework,Version=v4.8.1' instead of the project target framework 'net8.0'. This package may not be fully compatible with your project. [C:\Users\ArtjomsPimanovs\source\repos\Auctera\backend\Auctera.sln]
C:\Users\ArtjomsPimanovs\source\repos\Auctera\backend\host\Auctera.Host\Auctera.Host.csproj : warning NU1701: Package 'Microsoft.Owin 2.1.0' was restored using '.NETFramework,Version=v4.6.1, .NETFramework,Version=v4.6.2, .NETFramework,Version=v4.7, .NETFramework,Version=v4.7.1, .NETFramework,Version=v4.7.2, .NETFramework,Version=v4.8, .NETFramework,Version=v4.8.1' instead of the project target framework 'net8.0'. This package may not be fully compatible with your project. [C:\Users\ArtjomsPimanovs\source\repos\Auctera\backend\Auctera.sln]
C:\Users\ArtjomsPimanovs\source\repos\Auctera\backend\host\Auctera.Host\Auctera.Host.csproj : warning NU1701: Package 'Microsoft.Owin.Host.SystemWeb 2.1.0' was restored using '.NETFramework,Version=v4.6.1, .NETFramework,Version=v4.6.2, .NETFramework,Version=v4.7, .NETFramework,Version=v4.7.1, .NETFramework,Version=v4.7.2, .NETFramework,Version=v4.8, .NETFramework,Version=v4.8.1' instead of the project target framework 'net8.0'. This package may not be fully compatible with your project. [C:\Users\ArtjomsPimanovs\source\repos\Auctera\backend\Auctera.sln]
C:\Users\ArtjomsPimanovs\source\repos\Auctera\backend\realtime\Auctera.Realtime\Auctera.Realtime.csproj : warning NU1701: Package 'Microsoft.Owin.Host.SystemWeb 2.1.0' was restored using '.NETFramework,Version=v4.6.1, .NETFramework,Version=v4.6.2, .NETFramework,Version=v4.7, .NETFramework,Version=v4.7.1, .NETFramework,Version=v4.7.2, .NETFramework,Version=v4.8, .NETFramework,Version=v4.8.1' instead of the project target framework 'net8.0'. This package may not be fully compatible with your project. [C:\Users\ArtjomsPimanovs\source\repos\Auctera\backend\Auctera.sln]
C:\Users\ArtjomsPimanovs\source\repos\Auctera\backend\host\Auctera.Host\Auctera.Host.csproj : warning NU1701: Package 'Microsoft.Owin.Security 2.1.0' was restored using '.NETFramework,Version=v4.6.1, .NETFramework,Version=v4.6.2, .NETFramework,Version=v4.7, .NETFramework,Version=v4.7.1, .NETFramework,Version=v4.7.2, .NETFramework,Version=v4.8, .NETFramework,Version=v4.8.1' instead of the project target framework 'net8.0'. This package may not be fully compatible with your project. [C:\Users\ArtjomsPimanovs\source\repos\Auctera\backend\Auctera.sln]
C:\Users\ArtjomsPimanovs\source\repos\Auctera\backend\realtime\Auctera.Realtime\Auctera.Realtime.csproj : warning NU1701: Package 'Microsoft.Owin.Security 2.1.0' was restored using '.NETFramework,Version=v4.6.1, .NETFramework,Version=v4.6.2, .NETFramework,Version=v4.7, .NETFramework,Version=v4.7.1, .NETFramework,Version=v4.7.2, .NETFramework,Version=v4.8, .NETFramework,Version=v4.8.1' instead of the project target framework 'net8.0'. This package may not be fully compatible with your project. [C:\Users\ArtjomsPimanovs\source\repos\Auctera\backend\Auctera.sln]
C:\Users\ArtjomsPimanovs\source\repos\Auctera\backend\host\Auctera.Host\Auctera.Host.csproj : warning NU1701: Package 'Owin 1.0.0' was restored using '.NETFramework,Version=v4.6.1, .NETFramework,Version=v4.6.2, .NETFramework,Version=v4.7, .NETFramework,Version=v4.7.1, .NETFramework,Version=v4.7.2, .NETFramework,Version=v4.8, .NETFramework,Version=v4.8.1' instead of the project target framework 'net8.0'. This package may not be fully compatible with your project. [C:\Users\ArtjomsPimanovs\source\repos\Auctera\backend\Auctera.sln]
C:\Users\ArtjomsPimanovs\source\repos\Auctera\backend\realtime\Auctera.Realtime\Auctera.Realtime.csproj : warning NU1701: Package 'Owin 1.0.0' was restored using '.NETFramework,Version=v4.6.1, .NETFramework,Version=v4.6.2, .NETFramework,Version=v4.7, .NETFramework,Version=v4.7.1, .NETFramework,Version=v4.7.2, .NETFramework,Version=v4.8, .NETFramework,Version=v4.8.1' instead of the project target framework 'net8.0'. This package may not be fully compatible with your project. [C:\Users\ArtjomsPimanovs\source\repos\Auctera\backend\Auctera.sln]
C:\Program Files\dotnet\sdk\9.0.302\Microsoft.Common.CurrentVersion.targets(2190,5): warning MSB9008: The referenced project ..\bids\Auctera.Bids.Application\Auctera.Bids.Application.csproj does not exist. [C:\Users\ArtjomsPimanovs\source\repos\Auctera\backend\modules\bids\Auctera.Bids.Infrastructure\Auctera.Bids.Infrastructure.csproj]
C:\Users\ArtjomsPimanovs\source\repos\Auctera\backend\realtime\Auctera.Realtime\Auctera.Realtime.csproj : warning NU1701: Package 'Microsoft.AspNet.SignalR.Core 2.4.3' was restored using '.NETFramework,Version=v4.6.1, .NETFramework,Version=v4.6.2, .NETFramework,Version=v4.7, .NETFramework,Version=v4.7.1, .NETFramework,Version=v4.7.2, .NETFramework,Version=v4.8, .NETFramework,Version=v4.8.1' instead of the project target framework 'net8.0'. This package may not be fully compatible with your project.
C:\Users\ArtjomsPimanovs\source\repos\Auctera\backend\realtime\Auctera.Realtime\Auctera.Realtime.csproj : warning NU1701: Package 'Microsoft.AspNet.SignalR.SystemWeb 2.4.3' was restored using '.NETFramework,Version=v4.6.1, .NETFramework,Version=v4.6.2, .NETFramework,Version=v4.7, .NETFramework,Version=v4.7.1, .NETFramework,Version=v4.7.2, .NETFramework,Version=v4.8, .NETFramework,Version=v4.8.1' instead of the project target framework 'net8.0'. This package may not be fully compatible with your project.
C:\Users\ArtjomsPimanovs\source\repos\Auctera\backend\realtime\Auctera.Realtime\Auctera.Realtime.csproj : warning NU1701: Package 'Microsoft.Owin 2.1.0' was restored using '.NETFramework,Version=v4.6.1, .NETFramework,Version=v4.6.2, .NETFramework,Version=v4.7, .NETFramework,Version=v4.7.1, .NETFramework,Version=v4.7.2, .NETFramework,Version=v4.8, .NETFramework,Version=v4.8.1' instead of the project target framework 'net8.0'. This package may not be fully compatible with your project.
C:\Users\ArtjomsPimanovs\source\repos\Auctera\backend\realtime\Auctera.Realtime\Auctera.Realtime.csproj : warning NU1701: Package 'Microsoft.Owin.Host.SystemWeb 2.1.0' was restored using '.NETFramework,Version=v4.6.1, .NETFramework,Version=v4.6.2, .NETFramework,Version=v4.7, .NETFramework,Version=v4.7.1, .NETFramework,Version=v4.7.2, .NETFramework,Version=v4.8, .NETFramework,Version=v4.8.1' instead of the project target framework 'net8.0'. This package may not be fully compatible with your project.
C:\Users\ArtjomsPimanovs\source\repos\Auctera\backend\realtime\Auctera.Realtime\Auctera.Realtime.csproj : warning NU1701: Package 'Microsoft.Owin.Security 2.1.0' was restored using '.NETFramework,Version=v4.6.1, .NETFramework,Version=v4.6.2, .NETFramework,Version=v4.7, .NETFramework,Version=v4.7.1, .NETFramework,Version=v4.7.2, .NETFramework,Version=v4.8, .NETFramework,Version=v4.8.1' instead of the project target framework 'net8.0'. This package may not be fully compatible with your project.
C:\Users\ArtjomsPimanovs\source\repos\Auctera\backend\realtime\Auctera.Realtime\Auctera.Realtime.csproj : warning NU1701: Package 'Owin 1.0.0' was restored using '.NETFramework,Version=v4.6.1, .NETFramework,Version=v4.6.2, .NETFramework,Version=v4.7, .NETFramework,Version=v4.7.1, .NETFramework,Version=v4.7.2, .NETFramework,Version=v4.8, .NETFramework,Version=v4.8.1' instead of the project target framework 'net8.0'. This package may not be fully compatible with your project.
C:\Users\ArtjomsPimanovs\source\repos\Auctera\backend\host\Auctera.Host\Auctera.Host.csproj : warning NU1701: Package 'Microsoft.AspNet.SignalR.Core 2.4.3' was restored using '.NETFramework,Version=v4.6.1, .NETFramework,Version=v4.6.2, .NETFramework,Version=v4.7, .NETFramework,Version=v4.7.1, .NETFramework,Version=v4.7.2, .NETFramework,Version=v4.8, .NETFramework,Version=v4.8.1' instead of the project target framework 'net8.0'. This package may not be fully compatible with your project.
C:\Users\ArtjomsPimanovs\source\repos\Auctera\backend\host\Auctera.Host\Auctera.Host.csproj : warning NU1701: Package 'Microsoft.AspNet.SignalR.SystemWeb 2.4.3' was restored using '.NETFramework,Version=v4.6.1, .NETFramework,Version=v4.6.2, .NETFramework,Version=v4.7, .NETFramework,Version=v4.7.1, .NETFramework,Version=v4.7.2, .NETFramework,Version=v4.8, .NETFramework,Version=v4.8.1' instead of the project target framework 'net8.0'. This package may not be fully compatible with your project.
C:\Users\ArtjomsPimanovs\source\repos\Auctera\backend\host\Auctera.Host\Auctera.Host.csproj : warning NU1701: Package 'Microsoft.Owin 2.1.0' was restored using '.NETFramework,Version=v4.6.1, .NETFramework,Version=v4.6.2, .NETFramework,Version=v4.7, .NETFramework,Version=v4.7.1, .NETFramework,Version=v4.7.2, .NETFramework,Version=v4.8, .NETFramework,Version=v4.8.1' instead of the project target framework 'net8.0'. This package may not be fully compatible with your project.
C:\Users\ArtjomsPimanovs\source\repos\Auctera\backend\host\Auctera.Host\Auctera.Host.csproj : warning NU1701: Package 'Microsoft.Owin.Host.SystemWeb 2.1.0' was restored using '.NETFramework,Version=v4.6.1, .NETFramework,Version=v4.6.2, .NETFramework,Version=v4.7, .NETFramework,Version=v4.7.1, .NETFramework,Version=v4.7.2, .NETFramework,Version=v4.8, .NETFramework,Version=v4.8.1' instead of the project target framework 'net8.0'. This package may not be fully compatible with your project.
C:\Users\ArtjomsPimanovs\source\repos\Auctera\backend\host\Auctera.Host\Auctera.Host.csproj : warning NU1701: Package 'Microsoft.Owin.Security 2.1.0' was restored using '.NETFramework,Version=v4.6.1, .NETFramework,Version=v4.6.2, .NETFramework,Version=v4.7, .NETFramework,Version=v4.7.1, .NETFramework,Version=v4.7.2, .NETFramework,Version=v4.8, .NETFramework,Version=v4.8.1' instead of the project target framework 'net8.0'. This package may not be fully compatible with your project.
C:\Users\ArtjomsPimanovs\source\repos\Auctera\backend\host\Auctera.Host\Auctera.Host.csproj : warning NU1701: Package 'Owin 1.0.0' was restored using '.NETFramework,Version=v4.6.1, .NETFramework,Version=v4.6.2, .NETFramework,Version=v4.7, .NETFramework,Version=v4.7.1, .NETFramework,Version=v4.7.2, .NETFramework,Version=v4.8, .NETFramework,Version=v4.8.1' instead of the project target framework 'net8.0'. This package may not be fully compatible with your project.
C:\Program Files\dotnet\sdk\9.0.302\Microsoft.Common.CurrentVersion.targets(2190,5): warning MSB9008: The referenced project ..\modules\items\Auctera.Items.Application\Auctera.Items.Application.csproj does not exist. [C:\Users\ArtjomsPimanovs\source\repos\Auctera\backend\modules\bids\Auctera.Bids.Domain\Auctera.Bids.Domain.csproj]
C:\Users\ArtjomsPimanovs\source\repos\Auctera\backend\modules\bids\Auctera.Bids.Infrastructure\Repository\BidRepository.cs(1,20): error CS0234: The type or namespace name 'Application' does not exist in the namespace 'Auctera.Bids' (are you missing an assembly reference?) [C:\Users\ArtjomsPimanovs\source\repos\Auctera\backend\modules\bids\Auctera.Bids.Infrastructure\Auctera.Bids.Infrastructure.csproj]
C:\Users\ArtjomsPimanovs\source\repos\Auctera\backend\modules\bids\Auctera.Bids.Infrastructure\Repository\BidRepository.cs(2,15): error CS0234: The type or namespace name 'Persistance' does not exist in the namespace 'Auctera' (are you missing an assembly reference?) [C:\Users\ArtjomsPimanovs\source\repos\Auctera\backend\modules\bids\Auctera.Bids.Infrastructure\Auctera.Bids.Infrastructure.csproj]
C:\Users\ArtjomsPimanovs\source\repos\Auctera\backend\modules\bids\Auctera.Bids.Infrastructure\Repository\BidRepository.cs(3,20): error CS0234: The type or namespace name 'Domain' does not exist in the namespace 'Auctera.Bids' (are you missing an assembly reference?) [C:\Users\ArtjomsPimanovs\source\repos\Auctera\backend\modules\bids\Auctera.Bids.Infrastructure\Auctera.Bids.Infrastructure.csproj]
C:\Users\ArtjomsPimanovs\source\repos\Auctera\backend\modules\bids\Auctera.Bids.Infrastructure\Repository\BidRepository.cs(7,37): error CS0246: The type or namespace name 'IBidRepository' could not be found (are you missing a using directive or an assembly reference?) [C:\Users\ArtjomsPimanovs\source\repos\Auctera\backend\modules\bids\Auctera.Bids.Infrastructure\Auctera.Bids.Infrastructure.csproj]
C:\Users\ArtjomsPimanovs\source\repos\Auctera\backend\modules\bids\Auctera.Bids.Infrastructure\Repository\BidRepository.cs(9,22): error CS0246: The type or namespace name 'AucteraDbContext' could not be found (are you missing a using directive or an assembly reference?) [C:\Users\ArtjomsPimanovs\source\repos\Auctera\backend\modules\bids\Auctera.Bids.Infrastructure\Auctera.Bids.Infrastructure.csproj]
C:\Users\ArtjomsPimanovs\source\repos\Auctera\backend\modules\bids\Auctera.Bids.Infrastructure\Repository\BidRepository.cs(11,26): error CS0246: The type or namespace name 'AucteraDbContext' could not be found (are you missing a using directive or an assembly reference?) [C:\Users\ArtjomsPimanovs\source\repos\Auctera\backend\modules\bids\Auctera.Bids.Infrastructure\Auctera.Bids.Infrastructure.csproj]
C:\Users\ArtjomsPimanovs\source\repos\Auctera\backend\modules\bids\Auctera.Bids.Infrastructure\Repository\BidRepository.cs(16,35): error CS0246: The type or namespace name 'Domain' could not be found (are you missing a using directive or an assembly reference?) [C:\Users\ArtjomsPimanovs\source\repos\Auctera\backend\modules\bids\Auctera.Bids.Infrastructure\Auctera.Bids.Infrastructure.csproj]
C:\Users\ArtjomsPimanovs\source\repos\Auctera\backend\modules\bids\Auctera.Bids.Infrastructure\Repository\BidRepository.cs(22,23): error CS0246: The type or namespace name 'Domain' could not be found (are you missing a using directive or an assembly reference?) [C:\Users\ArtjomsPimanovs\source\repos\Auctera\backend\modules\bids\Auctera.Bids.Infrastructure\Auctera.Bids.Infrastructure.csproj]
C:\Users\ArtjomsPimanovs\source\repos\Auctera\backend\modules\bids\Auctera.Bids.Infrastructure\Repository\BidRepository.cs(27,36): error CS0246: The type or namespace name 'Domain' could not be found (are you missing a using directive or an assembly reference?) [C:\Users\ArtjomsPimanovs\source\repos\Auctera\backend\modules\bids\Auctera.Bids.Infrastructure\Auctera.Bids.Infrastructure.csproj]
    26 Warning(s)
    9 Error(s)

Time Elapsed 00:00:15.92

Workload updates are available. Run `dotnet workload list` for more information.
